// Jest Snapshot v1, https://goo.gl/fbAQLP

exports[`PostsTable Component renders PostsTable 1`] = `
<div>
  <div
    class="MuiBox-root css-0"
  >
    <div
      class="MuiBox-root css-0"
    >
      <div
        class="MuiPaper-root MuiPaper-outlined MuiPaper-rounded css-1ddowl6-MuiPaper-root"
      >
        <div
          class="MuiTableContainer-root css-rorn0c-MuiTableContainer-root"
        >
          <table
            aria-labelledby="tableTitle"
            class="MuiTable-root css-1gplja-MuiTable-root"
          >
            <thead
              class="MuiTableHead-root css-15wwp11-MuiTableHead-root"
            >
              <tr
                class="MuiTableRow-root MuiTableRow-head css-1q1u3t4-MuiTableRow-root"
              >
                <th
                  class="MuiTableCell-root MuiTableCell-head MuiTableCell-paddingCheckbox MuiTableCell-sizeMedium css-hbtnrh-MuiTableCell-root"
                  scope="col"
                >
                  <span
                    class="MuiButtonBase-root MuiCheckbox-root MuiCheckbox-colorPrimary MuiCheckbox-sizeMedium PrivateSwitchBase-root MuiCheckbox-root MuiCheckbox-colorPrimary MuiCheckbox-sizeMedium MuiCheckbox-root MuiCheckbox-colorPrimary MuiCheckbox-sizeMedium css-355xbt-MuiButtonBase-root-MuiCheckbox-root"
                  >
                    <input
                      aria-label="select all rows"
                      class="PrivateSwitchBase-input css-1m9pwf3"
                      data-indeterminate="false"
                      type="checkbox"
                    />
                    <span
                      class="css-1j4k40g"
                      font-size="medium"
                    />
                  </span>
                </th>
                <th
                  class="MuiTableCell-root MuiTableCell-head MuiTableCell-alignRight MuiTableCell-sizeMedium css-1azl6jz-MuiTableCell-root"
                  scope="col"
                >
                  <span
                    class="MuiButtonBase-root MuiTableSortLabel-root css-1qgma8u-MuiButtonBase-root-MuiTableSortLabel-root"
                    role="button"
                    tabindex="0"
                  >
                    ID
                    <svg
                      aria-hidden="true"
                      class="MuiSvgIcon-root MuiSvgIcon-fontSizeMedium MuiTableSortLabel-icon MuiTableSortLabel-iconDirectionAsc css-1vweko9-MuiSvgIcon-root-MuiTableSortLabel-icon"
                      data-testid="ArrowDownwardIcon"
                      focusable="false"
                      viewBox="0 0 24 24"
                    >
                      <path
                        d="M20 12l-1.41-1.41L13 16.17V4h-2v12.17l-5.58-5.59L4 12l8 8 8-8z"
                      />
                    </svg>
                  </span>
                </th>
                <th
                  aria-sort="ascending"
                  class="MuiTableCell-root MuiTableCell-head MuiTableCell-alignLeft MuiTableCell-sizeMedium css-1ygcj2i-MuiTableCell-root"
                  scope="col"
                >
                  <span
                    class="MuiButtonBase-root MuiTableSortLabel-root Mui-active css-1qgma8u-MuiButtonBase-root-MuiTableSortLabel-root"
                    role="button"
                    tabindex="0"
                  >
                    Título
                    <span
                      class="MuiBox-root css-trfuzi"
                    >
                      sorted ascending
                    </span>
                    <svg
                      aria-hidden="true"
                      class="MuiSvgIcon-root MuiSvgIcon-fontSizeMedium MuiTableSortLabel-icon MuiTableSortLabel-iconDirectionAsc css-1vweko9-MuiSvgIcon-root-MuiTableSortLabel-icon"
                      data-testid="ArrowDownwardIcon"
                      focusable="false"
                      viewBox="0 0 24 24"
                    >
                      <path
                        d="M20 12l-1.41-1.41L13 16.17V4h-2v12.17l-5.58-5.59L4 12l8 8 8-8z"
                      />
                    </svg>
                  </span>
                </th>
                <th
                  class="MuiTableCell-root MuiTableCell-head MuiTableCell-alignLeft MuiTableCell-sizeMedium css-1ygcj2i-MuiTableCell-root"
                  scope="col"
                >
                  <span
                    class="MuiButtonBase-root MuiTableSortLabel-root css-1qgma8u-MuiButtonBase-root-MuiTableSortLabel-root"
                    role="button"
                    tabindex="0"
                  >
                    Descripción
                    <svg
                      aria-hidden="true"
                      class="MuiSvgIcon-root MuiSvgIcon-fontSizeMedium MuiTableSortLabel-icon MuiTableSortLabel-iconDirectionAsc css-1vweko9-MuiSvgIcon-root-MuiTableSortLabel-icon"
                      data-testid="ArrowDownwardIcon"
                      focusable="false"
                      viewBox="0 0 24 24"
                    >
                      <path
                        d="M20 12l-1.41-1.41L13 16.17V4h-2v12.17l-5.58-5.59L4 12l8 8 8-8z"
                      />
                    </svg>
                  </span>
                </th>
              </tr>
            </thead>
            <tbody
              class="MuiTableBody-root css-apqrd9-MuiTableBody-root"
            />
          </table>
        </div>
        <div
          class="MuiTablePagination-root css-jtlhu6-MuiTablePagination-root"
        >
          <div
            class="MuiToolbar-root MuiToolbar-gutters MuiToolbar-regular MuiTablePagination-toolbar css-78c6dr-MuiToolbar-root-MuiTablePagination-toolbar"
          >
            <div
              class="MuiTablePagination-spacer css-1psng7p-MuiTablePagination-spacer"
            />
            <p
              class="MuiTablePagination-selectLabel css-pdct74-MuiTablePagination-selectLabel"
              id=":r1:"
            >
              Rows per page:
            </p>
            <div
              class="MuiInputBase-root MuiInputBase-colorPrimary MuiTablePagination-input css-16c50h-MuiInputBase-root-MuiTablePagination-select"
            >
              <div
                aria-controls=":r2:"
                aria-expanded="false"
                aria-haspopup="listbox"
                aria-labelledby=":r1: :r0:"
                class="MuiSelect-select MuiTablePagination-select MuiSelect-standard MuiInputBase-input css-194a1fa-MuiSelect-select-MuiInputBase-input"
                id=":r0:"
                role="combobox"
                tabindex="0"
              >
                10
              </div>
              <input
                aria-hidden="true"
                aria-invalid="false"
                class="MuiSelect-nativeInput css-yf8vq0-MuiSelect-nativeInput"
                tabindex="-1"
                value="10"
              />
              <svg
                aria-hidden="true"
                class="MuiSvgIcon-root MuiSvgIcon-fontSizeMedium MuiSelect-icon MuiTablePagination-selectIcon MuiSelect-iconStandard css-pqjvzy-MuiSvgIcon-root-MuiSelect-icon"
                data-testid="ArrowDropDownIcon"
                focusable="false"
                viewBox="0 0 24 24"
              >
                <path
                  d="M7 10l5 5 5-5z"
                />
              </svg>
            </div>
            <p
              class="MuiTablePagination-displayedRows css-levciy-MuiTablePagination-displayedRows"
            >
              0–0 of 0
            </p>
            <div
              class="MuiTablePagination-actions"
            >
              <button
                aria-label="Go to previous page"
                class="MuiButtonBase-root Mui-disabled MuiIconButton-root Mui-disabled MuiIconButton-colorInherit MuiIconButton-sizeMedium css-zylse7-MuiButtonBase-root-MuiIconButton-root"
                disabled=""
                tabindex="-1"
                title="Go to previous page"
                type="button"
              >
                <svg
                  aria-hidden="true"
                  class="MuiSvgIcon-root MuiSvgIcon-fontSizeMedium css-i4bv87-MuiSvgIcon-root"
                  data-testid="KeyboardArrowLeftIcon"
                  focusable="false"
                  viewBox="0 0 24 24"
                >
                  <path
                    d="M15.41 16.09l-4.58-4.59 4.58-4.59L14 5.5l-6 6 6 6z"
                  />
                </svg>
              </button>
              <button
                aria-label="Go to next page"
                class="MuiButtonBase-root Mui-disabled MuiIconButton-root Mui-disabled MuiIconButton-colorInherit MuiIconButton-sizeMedium css-zylse7-MuiButtonBase-root-MuiIconButton-root"
                disabled=""
                tabindex="-1"
                title="Go to next page"
                type="button"
              >
                <svg
                  aria-hidden="true"
                  class="MuiSvgIcon-root MuiSvgIcon-fontSizeMedium css-i4bv87-MuiSvgIcon-root"
                  data-testid="KeyboardArrowRightIcon"
                  focusable="false"
                  viewBox="0 0 24 24"
                >
                  <path
                    d="M8.59 16.34l4.58-4.59-4.58-4.59L10 5.75l6 6-6 6z"
                  />
                </svg>
              </button>
            </div>
          </div>
        </div>
      </div>
      <div
        class="MuiToolbar-root MuiToolbar-gutters MuiToolbar-regular css-pjjt8i-MuiToolbar-root"
      >
        <div
          class="MuiBox-root css-1mrwq1p"
        >
          <label
            class="MuiFormControlLabel-root MuiFormControlLabel-labelPlacementEnd css-j204z7-MuiFormControlLabel-root"
          >
            <span
              class="MuiSwitch-root MuiSwitch-sizeMedium css-1ddo3z7-MuiSwitch-root"
            >
              <span
                class="MuiButtonBase-root MuiSwitch-switchBase MuiSwitch-colorPrimary PrivateSwitchBase-root MuiSwitch-switchBase MuiSwitch-colorPrimary css-5ryogn-MuiButtonBase-root-MuiSwitch-switchBase"
              >
                <input
                  class="PrivateSwitchBase-input MuiSwitch-input css-1m9pwf3"
                  type="checkbox"
                />
                <span
                  class="MuiSwitch-thumb css-jsexje-MuiSwitch-thumb"
                />
                <span
                  class="MuiTouchRipple-root css-8je8zh-MuiTouchRipple-root"
                />
              </span>
              <span
                class="MuiSwitch-track css-1yjjitx-MuiSwitch-track"
              />
            </span>
            <span
              class="MuiTypography-root MuiTypography-body1 MuiFormControlLabel-label css-ahj2mt-MuiTypography-root"
            >
              Dense padding
            </span>
          </label>
        </div>
      </div>
    </div>
  </div>
</div>
`;
